[perfect-miningfx.com/index.html]
[backblue.gif]
[fade.gif]
[index.html]
[perfect-miningfx.com/temp/lib/bootstrap/css/bootstrap.min.css]
[perfect-miningfx.com/temp/lib/font-awesome/css/font-awesome.min.css]
[perfect-miningfx.com/temp/lib/animate/animate.min.css]
[perfect-miningfx.com/temp/lib/ionicons/css/ionicons.min.css]
[perfect-miningfx.com/temp/lib/owl.carousel/assets/owl.carousel.min.css]
[perfect-miningfx.com/temp/lib/icofont/icofont.min.css]
[perfect-miningfx.com/temp/lib/boxicons/css/boxicons.min.css]
[perfect-miningfx.com/temp/lib/jquery/magnific-popup.css]
[perfect-miningfx.com/temp/lib/aos/aos.css]
[perfect-miningfx.com/temp/lib/venobox/venobox.css]
[perfect-miningfx.com/temp/css/frontend_style_blueffaf.css]
[perfect-miningfx.com/cloud/app/images/logo02.png]
[perfect-miningfx.com/login.html]
[perfect-miningfx.com/register.html]
[perfect-miningfx.com/cloud/app/images/1.jpg]
[perfect-miningfx.com/cloud/app/images/2.jpg]
[perfect-miningfx.com/cloud/app/images/3.jpg]
[perfect-miningfx.com/cloud/app/images/4.jpg]
[perfect-miningfx.com/cloud/app/images/5.jpg]
[perfect-miningfx.com/temp/img/about/innovate.png]
[perfect-miningfx.com/temp/img/about/secure.png]
[perfect-miningfx.com/temp/img/about/prof.png]
[perfect-miningfx.com/temp/img/about/invest.png]
[perfect-miningfx.com/temp/img/sprite.svg]
[perfect-miningfx.com/cloud/app/images/avatar.png]
[perfect-miningfx.com/temp/img/payments/payment-4.png]
[perfect-miningfx.com/temp/img/payments/payment-88.png]
[perfect-miningfx.com/temp/img/payments/payment-6.png]
[perfect-miningfx.com/support@perfect-miningfx.com]
[perfect-miningfx.com/temp/lib/jquery/jquery.min.js]
[perfect-miningfx.com/temp/lib/bootstrap/js/bootstrap.bundle.min.js]
[perfect-miningfx.com/temp/lib/jquery.easing/jquery.easing.min.js]
[perfect-miningfx.com/temp/lib/php-email-form/validate.js]
[perfect-miningfx.com/temp/lib/waypoints/jquery.waypoints.min.js]
[perfect-miningfx.com/temp/lib/counterup/counterup.min.js]
[perfect-miningfx.com/temp/lib/isotope-layout/isotope.pkgd.min.js]
[perfect-miningfx.com/temp/lib/venobox/venobox.min.js]
[perfect-miningfx.com/temp/lib/owl.carousel/owl.carousel.min.js]
[perfect-miningfx.com/temp/lib/aos/aos.js]
[perfect-miningfx.com/temp/js/main.js]
[www.smartsuppchat.com/loaderd41d.js]
[translate.google.com/translate_a/elementa0d8.js]
[perfect-miningfx.com/index.html]
[perfect-miningfx.com/temp/lib/bootstrap/css/bootstrap.min.css]
[perfect-miningfx.com/temp/lib/font-awesome/fonts/fontawesome-webfont3e6e.eot]
[perfect-miningfx.com/temp/lib/font-awesome/fonts/fontawesome-webfontd41d.eot]
[perfect-miningfx.com/temp/lib/font-awesome/fonts/fontawesome-webfont3e6e.woff2]
[perfect-miningfx.com/temp/lib/font-awesome/fonts/fontawesome-webfont3e6e.woff]
[perfect-miningfx.com/temp/lib/font-awesome/fonts/fontawesome-webfont3e6e.ttf]
[perfect-miningfx.com/temp/lib/font-awesome/css/font-awesome.min.css]
[perfect-miningfx.com/temp/lib/animate/animate.min.css]
[perfect-miningfx.com/temp/lib/ionicons/fonts/ionicons28b5.eot]
[perfect-miningfx.com/temp/lib/ionicons/fonts/ionicons28b5.ttf]
[perfect-miningfx.com/temp/lib/font-awesome/fonts/fontawesome-webfont3e6e.svg]
[perfect-miningfx.com/temp/lib/ionicons/fonts/ionicons28b5.woff]
[perfect-miningfx.com/temp/lib/ionicons/css/ionicons.min.css]
[perfect-miningfx.com/temp/lib/ionicons/fonts/ionicons28b5.svg]
[perfect-miningfx.com/temp/lib/owl.carousel/assets/owl.video.play.png]
[perfect-miningfx.com/temp/lib/owl.carousel/assets/owl.carousel.min.css]
[perfect-miningfx.com/temp/lib/icofont/fonts/icofont.woff2]
[perfect-miningfx.com/temp/lib/icofont/fonts/icofont.woff]
[perfect-miningfx.com/temp/lib/icofont/icofont.min.css]
[perfect-miningfx.com/temp/lib/boxicons/fonts/boxicons.eot]
[perfect-miningfx.com/temp/lib/boxicons/fonts/boxicons.woff2]
[perfect-miningfx.com/temp/lib/boxicons/fonts/boxicons.woff]
[perfect-miningfx.com/temp/lib/boxicons/fonts/boxicons.ttf]
[perfect-miningfx.com/temp/lib/boxicons/css/boxicons.min.css]
[perfect-miningfx.com/temp/lib/jquery/magnific-popup.html]
[perfect-miningfx.com/temp/lib/aos/aos.css]
[perfect-miningfx.com/temp/lib/venobox/venobox.css]
[perfect-miningfx.com/temp/img/about-bg.jpg]
[perfect-miningfx.com/temp/css/frontend_style_blueffaf.css]
[perfect-miningfx.com/temp/css/frontend_style_blue.css]
[perfect-miningfx.com/password/reset.html]
[perfect-miningfx.com/login.html]
[ajax.googleapis.com/ajax/libs/jquery/1.9.1/jquery.min.js]
[perfect-miningfx.com/register.html]
[perfect-miningfx.com/cloud/app/images/1.html]
[perfect-miningfx.com/cloud/app/images/2.html]
[perfect-miningfx.com/cloud/app/images/3.html]
[perfect-miningfx.com/cloud/app/images/4.html]
[perfect-miningfx.com/cloud/app/images/5.html]
[perfect-miningfx.com/temp/img/sprite.svg]
[perfect-miningfx.com/support@perfect-miningfx.html]
[perfect-miningfx.com/temp/lib/php-email-form/validate.html]
[perfect-miningfx.com/temp/lib/font-awesome/fonts/fontawesome-webfont3e6e.svg]
[perfect-miningfx.com/temp/lib/ionicons/fonts/ionicons28b5.svg]
[perfect-miningfx.com/temp/lib/boxicons/fonts/boxiconsd41d.svg]
[perfect-miningfx.com/temp/lib/boxicons/fonts/boxiconsd41d.svg]
[perfect-miningfx.com/temp/css/frontend_style_blue.css]
[perfect-miningfx.com/password/reset.html]
